1
2
3
4
5
6
7
8
9
12
13
15
14
13
12
11
4
3
2
0
1
2
3
4
