No match found
Int received.
5
Nothing received.
<nothing>
No match found
No match found
