This should print1
This should print2
This should print3
This should print4
