Loop Run
Loop Run
Loop Run
Loop Run
Loop Run
Loop Run
